// Jest Snapshot v1, https://goo.gl/fbAQLP

exports[`should render login page 1`] = `
<div>
  <div>
    <form>
      <fieldset>
        <legend>
          Sign In
        </legend>
        <label
          for="username"
        >
          Username
        </label>
        <input
          id="username"
          name="username"
          type="text"
          value=""
        />
        <label
          for="password"
        >
          Password
        </label>
        <input
          id="password"
          name="password"
          type="password"
          value=""
        />
      </fieldset>
      <button>
        Signin
      </button>
    </form>
  </div>
</div>
`;
